
Clover EFI installer log - Tue Nov 19 21:17:43 PST 2019
Installer version: v2.5k r5097 EFI bootloader
======================================================
/dev/disk0 (internal, physical):
   #:                       TYPE NAME                    SIZE       IDENTIFIER
   0:      GUID_partition_scheme                        *1.0 TB     disk0
   1:                        EFI EFI                     209.7 MB   disk0s1
   2:                  Apple_HFS DATA                    999.9 GB   disk0s2

/dev/disk1 (internal, physical):
   #:                       TYPE NAME                    SIZE       IDENTIFIER
   0:      GUID_partition_scheme                        *250.1 GB   disk1
   1:                        EFI EFI                     209.7 MB   disk1s1
   2:                 Apple_APFS Container disk2         249.8 GB   disk1s2

/dev/disk2 (synthesized):
   #:                       TYPE NAME                    SIZE       IDENTIFIER
   0:      APFS Container Scheme -                      +249.8 GB   disk2
                                 Physical Store disk1s2
   1:                APFS Volume 14                      79.4 GB    disk2s1
   2:                APFS Volume Preboot                 128.4 MB   disk2s2
   3:                APFS Volume Recovery                1.0 GB     disk2s3
   4:                APFS Volume VM                      1.1 GB     disk2s4
   5:                APFS Volume Macintosh HD            10.7 GB    disk2s5
   6:                APFS Volume Macintosh HD - Data     3.0 GB     disk2s6

/dev/disk3 (external, physical):
   #:                       TYPE NAME                    SIZE       IDENTIFIER
   0:      GUID_partition_scheme                        *1.0 TB     disk3
   1:                  Apple_HFS mac-app                 710.8 GB   disk3s1
   2:                 Apple_APFS Container disk4         75.6 GB    disk3s2
   3:                  Apple_HFS 10.12.6-16G1212         32.2 GB    disk3s3
   4:                  Apple_HFS 10.13.6                 32.2 GB    disk3s4
   5:                  Apple_HFS 10.14.3-18D42           32.2 GB    disk3s5
   6:                  Apple_HFS 10.14.6                 32.2 GB    disk3s6
   7:                        EFI EFI-SSD                 2.1 GB     disk3s7
   8:                  Apple_HFS 10.9.5-13F34            32.2 GB    disk3s8
   9:                  Apple_HFS Install macOS Mojave    8.6 GB     disk3s9
  10:                  Apple_HFS Install macOS Catalina  8.6 GB     disk3s10

/dev/disk4 (synthesized):
   #:                       TYPE NAME                    SIZE       IDENTIFIER
   0:      APFS Container Scheme -                      +75.6 GB    disk4
                                 Physical Store disk3s2
   1:                APFS Volume Macintosh HD            10.7 GB    disk4s1
   2:                APFS Volume Macintosh HD - Data     5.8 GB     disk4s2
   3:                APFS Volume Preboot                 100.2 MB   disk4s3
   4:                APFS Volume Recovery                543.5 MB   disk4s4
   5:                APFS Volume VM                      4.3 GB     disk4s5

Target volume /Volumes/Macintosh HD 1 on disk2 is APFS on physical store disk1s2
======================================================
Installing BootSectors/BootLoader

Stage 0 - Don't write any of boot0af, boot0md, boot0ss to /Volumes/Macintosh HD 1
Stage 1 - Don't write any of boot1h2, boot1f32alt, boot1xalt to /Volumes/Macintosh HD 1

Using default theme 'Clovy'
======================================================
=========== Clover EFI Installation Finish ===========
======================================================
